<html>
<body>
<pre>
<h1>礦ision Build Log</h1>
<h2>Tool Versions:</h2>
IDE-Version: μVision V5.20.0.0
Copyright (C) 2016 ARM Ltd and ARM Germany GmbH. All rights reserved.
License Information: 1 lzy, 1, LIC=----
 
Tool Versions:
Toolchain:       MDK-Lite  Version: 5.20
Toolchain Path:  D:\Keil_v5\ARM\ARMCC\Bin
C Compiler:      Armcc.exe V5.06 update 2 (build 183)
Assembler:       Armasm.exe V5.06 update 2 (build 183)
Linker/Locator:  ArmLink.exe V5.06 update 2 (build 183)
Library Manager: ArmAr.exe V5.06 update 2 (build 183)
Hex Converter:   FromElf.exe V5.06 update 2 (build 183)
CPU DLL:         SARMCM3.DLL V5.20
Dialog DLL:      DCM.DLL V1.13.7.0
Target DLL:      STLink\ST-LINKIII-KEIL_SWO.dll V2.0.18.0
Dialog DLL:      TCM.DLL V1.14.9.0
 
<h2>Project:</h2>
D:\STM32KeilTest\寒假补\大作业1上机最终结果\Project\STM32KeilPrj.uvprojx
Project File Date:  02/07/2025

<h2>Output:</h2>
*** Using Compiler 'V5.06 update 2 (build 183)', folder: 'D:\Keil_v5\ARM\ARMCC\Bin'
Rebuild target 'Target 1'
assembling startup_stm32f10x_hd.s...
compiling misc.c...
compiling system_stm32f10x.c...
compiling Stack.c...
compiling stm32f10x_it.c...
compiling OLED.c...
compiling stm32f10x_rcc.c...
compiling NVIC.c...
compiling LED.c...
compiling UART1.c...
compiling SysTick.c...
compiling stm32f10x_usart.c...
compiling Queue.c...
compiling RunClock.c...
compiling CalculatorCore.c...
compiling stm32f10x_tim.c...
compiling Main.c...
..\App\Main\Main.c(44): warning:  #550-D: variable "result" was set but never used
  static float result = 0;
..\App\Main\Main.c: 1 warning, 0 errors
compiling Timer.c...
compiling stm32f10x_gpio.c...
compiling stm32f10x_flash.c...
compiling stm32f10x_exti.c...
compiling EXTI.c...
compiling RCC.c...
compiling core_cm3.c...
linking...
Program Size: Code=13424 RO-data=3132 RW-data=80 ZI-data=2336  
FromELF: creating hex file...
".\Objects\STM32KeilPrj.axf" - 0 Error(s), 1 Warning(s).

<h2>Collection of Component include folders:</h2>
  D:\STM32KeilTest\寒假补\大作业1上机最终结果\Project\RTE
  D:\Keil_v5\ARM\PACK\Keil\STM32F1xx_DFP\2.1.0\Device\Include

<h2>Collection of Component Files used:</h2>
Build Time Elapsed:  00:00:03
</pre>
</body>
</html>
